---
source: crates/billing/src/lib.rs
expression: rendered
---
\documentclass{article}
\usepackage{hhline}
\usepackage[margin=0.5in]{geometry}
\usepackage[T1]{fontenc}
\usepackage{graphicx}
\usepackage{array}
\newcommand{\trainername}{Tara Trainer}
\newcommand{\companyname}{Tara Fitness}
\newcommand{\companyaddress}{2127 Xanthia St, Denver, CO 80220}
\newcommand{\companyemail}{tara@gmail.com}
\newcommand{\companyphone}{(303) 175-3098}
\newcommand{\clientname}{Clarissa Client}
\newcommand{\invoicenumber}{2025-0532}
\newcommand{\paymentmade}{2026-01-04}
\newcommand{\paidvia}{Cash}
\newcommand{\lastpayment}{0000-01-01}
\newcommand{\subtotal}{50}
\newcommand{\chargedata}{2026-01-04 & Personal training session (60 min) & 50 \\ }
\newcommand{\paymentamount}{50}
\newcommand{\balancestart}{0}
\newcommand{\balanceend}{0}
\newcommand{\companyheader}{\includegraphics[width=256px]{}}
\begin{document}
\begin{tabular}{>{\centering\arraybackslash}m{10cm} >{\centering\arraybackslash}m{7cm}}
	\companyheader
	& \begin{tabular}{@{}r@{}}\trainername \\ \companyemail \\ \companyphone \\ \companyaddress \end{tabular}
	\vskip2.0ex
\end{tabular}

\vspace{0.5cm}
\hrule
\vspace{0.5cm}

\noindent{\textbf{Client Name:} \clientname} \\
\noindent{\textbf{Payment Made:} \paymentmade} \\
\noindent{\textbf{Paid Via:} \paidvia} \\
\noindent{\textbf{Receipt Number:} \invoicenumber} \\

\vspace{0.5cm}
\begin{center}
\ifnum\balanceend=0
\begin{tabular}{|p{2.0cm}|p{8.0cm}|p{2.5cm}|}
	\hline
	\textbf{Date} & \textbf{Description} & \textbf{Amount (\$)} \\
	\hline
	\ifnum\balancestart=0{}\else{\lastpayment & Balance from last payment & \balancestart \\}\fi
	\chargedata
	\hhline{|=|=|=|}
	\multicolumn{2}{|r|}{\textit{Amount paid}} & \paymentamount \\
	\hline
\end{tabular}
\else
\begin{tabular}{|p{2.0cm}|p{8.0cm}|p{2.5cm}|}
	\hline
	\textbf{Date} & \textbf{Description} & \textbf{Amount (\$)} \\
	\hline
	\ifnum\balancestart=0{}\else{\lastpayment & Balance from last payment & \balancestart \\}\fi
	\chargedata
	\hhline{|=|=|=|}
	\multicolumn{2}{|r|}{\textit{Balance before payment}} & \subtotal \\
	\hline
	\multicolumn{2}{|r|}{\textit{Amount paid}} & \paymentamount \\
	\hline \multicolumn{2}{|r|}{\textit{Balance after payment}} & \balanceend \\
	\hline
\end{tabular}
\fi
\end{center}

\vspace{0.5cm}

\noindent{\textit{Payment due at time of service. Refunds only available for sessions cancelled at least 24 hours in advance.}

\vspace{0.5cm}

\noindent{\textit{Thanks for training with me!}}

\end{document}
