---
source: crates/core-new/src/tui.rs
expression: stream.try_recv().unwrap()
---
captured piece:
x012345678901234567890123456789012345x
0                                    |
1                                    |
2                                    |
3                                    |
4                                    |
5      ┌┤ Training Assistant ├┐      |
6      │ hello world          │      |
7      │                      │      |
8      │               <Quit> │      |
9      └──────────────────────┘      |
0                                    |
1                                    |
2                                    |
3                                    |
4                                    |
5                                    |
x------------------------------------x
